2026-04-18 09:44:00 develop-impl test
